Archive member included to satisfy reference by file (symbol)

C:/ST/STM32CubeIDE_1.16.1/STM32CubeIDE/plugins/com.st.stm32cube.ide.mcu.externaltools.gnu-tools-for-stm32.12.3.rel1.win32_1.0.200.202406191623/tools/bin/../lib/gcc/arm-none-eabi/12.3.1/../../../../arm-none-eabi/lib/thumb/v7e-m+dp/hard\libc_nano.a(libc_a-exit.o)
                              C:/ST/STM32CubeIDE_1.16.1/STM32CubeIDE/plugins/com.st.stm32cube.ide.mcu.externaltools.gnu-tools-for-stm32.12.3.rel1.win32_1.0.200.202406191623/tools/bin/../lib/gcc/arm-none-eabi/12.3.1/../../../../arm-none-eabi/lib/thumb/v7e-m+dp/hard/crt0.o (exit)
C:/ST/STM32CubeIDE_1.16.1/STM32CubeIDE/plugins/com.st.stm32cube.ide.mcu.externaltools.gnu-tools-for-stm32.12.3.rel1.win32_1.0.200.202406191623/tools/bin/../lib/gcc/arm-none-eabi/12.3.1/../../../../arm-none-eabi/lib/thumb/v7e-m+dp/hard\libc_nano.a(libc_a-findfp.o)
                              C:/ST/STM32CubeIDE_1.16.1/STM32CubeIDE/plugins/com.st.stm32cube.ide.mcu.externaltools.gnu-tools-for-stm32.12.3.rel1.win32_1.0.200.202406191623/tools/bin/../lib/gcc/arm-none-eabi/12.3.1/../../../../arm-none-eabi/lib/thumb/v7e-m+dp/hard\libc_nano.a(libc_a-exit.o) (__stdio_exit_handler)
C:/ST/STM32CubeIDE_1.16.1/STM32CubeIDE/plugins/com.st.stm32cube.ide.mcu.externaltools.gnu-tools-for-stm32.12.3.rel1.win32_1.0.200.202406191623/tools/bin/../lib/gcc/arm-none-eabi/12.3.1/../../../../arm-none-eabi/lib/thumb/v7e-m+dp/hard\libc_nano.a(libc_a-fwalk.o)
                              C:/ST/STM32CubeIDE_1.16.1/STM32CubeIDE/plugins/com.st.stm32cube.ide.mcu.externaltools.gnu-tools-for-stm32.12.3.rel1.win32_1.0.200.202406191623/tools/bin/../lib/gcc/arm-none-eabi/12.3.1/../../../../arm-none-eabi/lib/thumb/v7e-m+dp/hard\libc_nano.a(libc_a-findfp.o) (_fwalk_sglue)
C:/ST/STM32CubeIDE_1.16.1/STM32CubeIDE/plugins/com.st.stm32cube.ide.mcu.externaltools.gnu-tools-for-stm32.12.3.rel1.win32_1.0.200.202406191623/tools/bin/../lib/gcc/arm-none-eabi/12.3.1/../../../../arm-none-eabi/lib/thumb/v7e-m+dp/hard\libc_nano.a(libc_a-stdio.o)
                              C:/ST/STM32CubeIDE_1.16.1/STM32CubeIDE/plugins/com.st.stm32cube.ide.mcu.externaltools.gnu-tools-for-stm32.12.3.rel1.win32_1.0.200.202406191623/tools/bin/../lib/gcc/arm-none-eabi/12.3.1/../../../../arm-none-eabi/lib/thumb/v7e-m+dp/hard\libc_nano.a(libc_a-findfp.o) (__sread)
C:/ST/STM32CubeIDE_1.16.1/STM32CubeIDE/plugins/com.st.stm32cube.ide.mcu.externaltools.gnu-tools-for-stm32.12.3.rel1.win32_1.0.200.202406191623/tools/bin/../lib/gcc/arm-none-eabi/12.3.1/../../../../arm-none-eabi/lib/thumb/v7e-m+dp/hard\libc_nano.a(libc_a-memset.o)
                              C:/ST/STM32CubeIDE_1.16.1/STM32CubeIDE/plugins/com.st.stm32cube.ide.mcu.externaltools.gnu-tools-for-stm32.12.3.rel1.win32_1.0.200.202406191623/tools/bin/../lib/gcc/arm-none-eabi/12.3.1/../../../../arm-none-eabi/lib/thumb/v7e-m+dp/hard/crt0.o (memset)
C:/ST/STM32CubeIDE_1.16.1/STM32CubeIDE/plugins/com.st.stm32cube.ide.mcu.externaltools.gnu-tools-for-stm32.12.3.rel1.win32_1.0.200.202406191623/tools/bin/../lib/gcc/arm-none-eabi/12.3.1/../../../../arm-none-eabi/lib/thumb/v7e-m+dp/hard\libc_nano.a(libc_a-closer.o)
                              C:/ST/STM32CubeIDE_1.16.1/STM32CubeIDE/plugins/com.st.stm32cube.ide.mcu.externaltools.gnu-tools-for-stm32.12.3.rel1.win32_1.0.200.202406191623/tools/bin/../lib/gcc/arm-none-eabi/12.3.1/../../../../arm-none-eabi/lib/thumb/v7e-m+dp/hard\libc_nano.a(libc_a-stdio.o) (_close_r)
C:/ST/STM32CubeIDE_1.16.1/STM32CubeIDE/plugins/com.st.stm32cube.ide.mcu.externaltools.gnu-tools-for-stm32.12.3.rel1.win32_1.0.200.202406191623/tools/bin/../lib/gcc/arm-none-eabi/12.3.1/../../../../arm-none-eabi/lib/thumb/v7e-m+dp/hard\libc_nano.a(libc_a-reent.o)
                              C:/ST/STM32CubeIDE_1.16.1/STM32CubeIDE/plugins/com.st.stm32cube.ide.mcu.externaltools.gnu-tools-for-stm32.12.3.rel1.win32_1.0.200.202406191623/tools/bin/../lib/gcc/arm-none-eabi/12.3.1/../../../../arm-none-eabi/lib/thumb/v7e-m+dp/hard\libc_nano.a(libc_a-closer.o) (errno)
C:/ST/STM32CubeIDE_1.16.1/STM32CubeIDE/plugins/com.st.stm32cube.ide.mcu.externaltools.gnu-tools-for-stm32.12.3.rel1.win32_1.0.200.202406191623/tools/bin/../lib/gcc/arm-none-eabi/12.3.1/../../../../arm-none-eabi/lib/thumb/v7e-m+dp/hard\libc_nano.a(libc_a-impure.o)
                              C:/ST/STM32CubeIDE_1.16.1/STM32CubeIDE/plugins/com.st.stm32cube.ide.mcu.externaltools.gnu-tools-for-stm32.12.3.rel1.win32_1.0.200.202406191623/tools/bin/../lib/gcc/arm-none-eabi/12.3.1/../../../../arm-none-eabi/lib/thumb/v7e-m+dp/hard\libc_nano.a(libc_a-reent.o) (_impure_ptr)
C:/ST/STM32CubeIDE_1.16.1/STM32CubeIDE/plugins/com.st.stm32cube.ide.mcu.externaltools.gnu-tools-for-stm32.12.3.rel1.win32_1.0.200.202406191623/tools/bin/../lib/gcc/arm-none-eabi/12.3.1/../../../../arm-none-eabi/lib/thumb/v7e-m+dp/hard\libc_nano.a(libc_a-lseekr.o)
[...]
Memory Configuration

Name             Origin             Length             Attributes
RAM              0x20000000         0x00080000         xrw
FLASH            0x08000000         0x00200000         xr
*default*        0x00000000         0xffffffff

Linker script and memory map

LOAD C:/ST/STM32CubeIDE_1.16.1/STM32CubeIDE/plugins/com.st.stm32cube.ide.mcu.externaltools.gnu-tools-for-stm32.12.3.rel1.win32_1.0.200.202406191623/tools/bin/../lib/gcc/arm-none-eabi/12.3.1/thumb/v7e-m+dp/hard/crti.o
LOAD C:/ST/STM32CubeIDE_1.16.1/STM32CubeIDE/plugins/com.st.stm32cube.ide.mcu.externaltools.gnu-tools-for-stm32.12.3.rel1.win32_1.0.200.202406191623/tools/bin/../lib/gcc/arm-none-eabi/12.3.1/thumb/v7e-m+dp/hard/crtbegin.o
LOAD C:/ST/STM32CubeIDE_1.16.1/STM32CubeIDE/plugins/com.st.stm32cube.ide.mcu.externaltools.gnu-tools-for-stm32.12.3.rel1.win32_1.0.200.202406191623/tools/bin/../lib/gcc/arm-none-eabi/12.3.1/../../../../arm-none-eabi/lib/thumb/v7e-m+dp/hard/crt0.o
LOAD ./Core/Src/main.o
LOAD ./Core/Src/stm32f7xx_hal_msp.o
LOAD ./Core/Src/stm32f7xx_it.o
LOAD ./Core/Src/syscalls.o
LOAD ./Core/Src/sysmem.o
LOAD ./Core/Src/system_stm32f7xx.o
LOAD ./Core/Startup/startup_stm32f767zitx.o
LOAD ./Drivers/STM32F7xx_HAL_Driver/Src/stm32f7xx_hal.o
LOAD ./Drivers/STM32F7xx_HAL_Driver/Src/stm32f7xx_hal_cortex.o
LOAD ./Drivers/STM32F7xx_HAL_Driver/Src/stm32f7xx_hal_dma.o
LOAD ./Drivers/STM32F7xx_HAL_Driver/Src/stm32f7xx_hal_dma_ex.o
LOAD ./Drivers/STM32F7xx_HAL_Driver/Src/stm32f7xx_hal_eth.o
LOAD ./Drivers/STM32F7xx_HAL_Driver/Src/stm32f7xx_hal_exti.o
LOAD ./Drivers/STM32F7xx_HAL_Driver/Src/stm32f7xx_hal_flash.o
LOAD ./Drivers/STM32F7xx_HAL_Driver/Src/stm32f7xx_hal_flash_ex.o
LOAD ./Drivers/STM32F7xx_HAL_Driver/Src/stm32f7xx_hal_gpio.o
LOAD ./Drivers/STM32F7xx_HAL_Driver/Src/stm32f7xx_hal_i2c.o
LOAD ./Drivers/STM32F7xx_HAL_Driver/Src/stm32f7xx_hal_i2c_ex.o
LOAD ./Drivers/STM32F7xx_HAL_Driver/Src/stm32f7xx_hal_pcd.o
LOAD ./Drivers/STM32F7xx_HAL_Driver/Src/stm32f7xx_hal_pcd_ex.o
LOAD ./Drivers/STM32F7xx_HAL_Driver/Src/stm32f7xx_hal_pwr.o
LOAD ./Drivers/STM32F7xx_HAL_Driver/Src/stm32f7xx_hal_pwr_ex.o
LOAD ./Drivers/STM32F7xx_HAL_Driver/Src/stm32f7xx_hal_rcc.o
LOAD ./Drivers/STM32F7xx_HAL_Driver/Src/stm32f7xx_hal_rcc_ex.o
LOAD ./Drivers/STM32F7xx_HAL_Driver/Src/stm32f7xx_hal_tim.o
LOAD ./Drivers/STM32F7xx_HAL_Driver/Src/stm32f7xx_hal_tim_ex.o
LOAD ./Drivers/STM32F7xx_HAL_Driver/Src/stm32f7xx_hal_uart.o
LOAD ./Drivers/STM32F7xx_HAL_Driver/Src/stm32f7xx_hal_uart_ex.o
LOAD ./Drivers/STM32F7xx_HAL_Driver/Src/stm32f7xx_ll_usb.o
START GROUP
LOAD C:/ST/STM32CubeIDE_1.16.1/STM32CubeIDE/plugins/com.st.stm32cube.ide.mcu.externaltools.gnu-tools-for-stm32.12.3.rel1.win32_1.0.200.202406191623/tools/bin/../lib/gcc/arm-none-eabi/12.3.1/../../../../arm-none-eabi/lib/thumb/v7e-m+dp/hard\libc_nano.a
LOAD C:/ST/STM32CubeIDE_1.16.1/STM32CubeIDE/plugins/com.st.stm32cube.ide.mcu.externaltools.gnu-tools-for-stm32.12.3.rel1.win32_1.0.200.202406191623/tools/bin/../lib/gcc/arm-none-eabi/12.3.1/../../../../arm-none-eabi/lib/thumb/v7e-m+dp/hard\libm.a
END GROUP
START GROUP
LOAD C:/ST/STM32CubeIDE_1.16.1/STM32CubeIDE/plugins/com.st.stm32cube.ide.mcu.externaltools.gnu-tools-for-stm32.12.3.rel1.win32_1.0.200.202406191623/tools/bin/../lib/gcc/arm-none-eabi/12.3.1/thumb/v7e-m+dp/hard\libgcc.a
LOAD C:/ST/STM32CubeIDE_1.16.1/STM32CubeIDE/plugins/com.st.stm32cube.ide.mcu.externaltools.gnu-tools-for-stm32.12.3.rel1.win32_1.0.200.202406191623/tools/bin/../lib/gcc/arm-none-eabi/12.3.1/../../../../arm-none-eabi/lib/thumb/v7e-m+dp/hard\libc_nano.a
END GROUP
START GROUP
LOAD C:/ST/STM32CubeIDE_1.16.1/STM32CubeIDE/plugins/com.st.stm32cube.ide.mcu.externaltools.gnu-tools-for-stm32.12.3.rel1.win32_1.0.200.202406191623/tools/bin/../lib/gcc/arm-none-eabi/12.3.1/thumb/v7e-m+dp/hard\libgcc.a
LOAD C:/ST/STM32CubeIDE_1.16.1/STM32CubeIDE/plugins/com.st.stm32cube.ide.mcu.externaltools.gnu-tools-for-stm32.12.3.rel1.win32_1.0.200.202406191623/tools/bin/../lib/gcc/arm-none-eabi/12.3.1/../../../../arm-none-eabi/lib/thumb/v7e-m+dp/hard\libc_nano.a
LOAD C:/ST/STM32CubeIDE_1.16.1/STM32CubeIDE/plugins/com.st.stm32cube.ide.mcu.externaltools.gnu-tools-for-stm32.12.3.rel1.win32_1.0.200.202406191623/tools/bin/../lib/gcc/arm-none-eabi/12.3.1/../../../../arm-none-eabi/lib/thumb/v7e-m+dp/hard\libnosys.a
END GROUP
START GROUP
LOAD C:/ST/STM32CubeIDE_1.16.1/STM32CubeIDE/plugins/com.st.stm32cube.ide.mcu.externaltools.gnu-tools-for-stm32.12.3.rel1.win32_1.0.200.202406191623/tools/bin/../lib/gcc/arm-none-eabi/12.3.1/thumb/v7e-m+dp/hard\libgcc.a
LOAD C:/ST/STM32CubeIDE_1.16.1/STM32CubeIDE/plugins/com.st.stm32cube.ide.mcu.externaltools.gnu-tools-for-stm32.12.3.rel1.win32_1.0.200.202406191623/tools/bin/../lib/gcc/arm-none-eabi/12.3.1/../../../../arm-none-eabi/lib/thumb/v7e-m+dp/hard\libc_nano.a
LOAD C:/ST/STM32CubeIDE_1.16.1/STM32CubeIDE/plugins/com.st.stm32cube.ide.mcu.externaltools.gnu-tools-for-stm32.12.3.rel1.win32_1.0.200.202406191623/tools/bin/../lib/gcc/arm-none-eabi/12.3.1/../../../../arm-none-eabi/lib/thumb/v7e-m+dp/hard\libnosys.a
END GROUP
LOAD C:/ST/STM32CubeIDE_1.16.1/STM32CubeIDE/plugins/com.st.stm32cube.ide.mcu.externaltools.gnu-tools-for-stm32.12.3.rel1.win32_1.0.200.202406191623/tools/bin/../lib/gcc/arm-none-eabi/12.3.1/thumb/v7e-m+dp/hard/crtend.o
LOAD C:/ST/STM32CubeIDE_1.16.1/STM32CubeIDE/plugins/com.st.stm32cube.ide.mcu.externaltools.gnu-tools-for-stm32.12.3.rel1.win32_1.0.200.202406191623/tools/bin/../lib/gcc/arm-none-eabi/12.3.1/thumb/v7e-m+dp/hard/crtn.o
                0x20080000                        _estack = (ORIGIN (RAM) + LENGTH (RAM))
                0x00000200                        _Min_Heap_Size = 0x200
                0x00000400                        _Min_Stack_Size = 0x400

.isr_vector     0x08000000      0x1f8
                0x08000000                        . = ALIGN (0x4)
 *(.isr_vector)
 .isr_vector    0x08000000      0x1f8 ./Core/Startup/startup_stm32f767zitx.o
                0x08000000                g_pfnVectors
                0x080001f8                        . = ALIGN (0x4)

.text           0x080001f8     0x5878
                0x080001f8                        . = ALIGN (0x4)
 *(.text)
 .text          0x080001f8       0x40 C:/ST/STM32CubeIDE_1.16.1/STM32CubeIDE/plugins/com.st.stm32cube.ide.mcu.externaltools.gnu-tools-for-stm32.12.3.rel1.win32_1.0.200.202406191623/tools/bin/../lib/gcc/arm-none-eabi/12.3.1/thumb/v7e-m+dp/hard/crtbegin.o
 .text          0x08000238       0x30 C:/ST/STM32CubeIDE_1.16.1/STM32CubeIDE/plugins/com.st.stm32cube.ide.mcu.externaltools.gnu-tools-for-stm32.12.3.rel1.win32_1.0.200.202406191623/tools/bin/../lib/gcc/arm-none-eabi/12.3.1/thumb/v7e-m+dp/hard\libgcc.a(_aeabi_uldivmod.o)
                0x08000238                __aeabi_uldivmod
 .text          0x08000268      0x2bc C:/ST/STM32CubeIDE_1.16.1/STM32CubeIDE/plugins/com.st.stm32cube.ide.mcu.externaltools.gnu-tools-for-stm32.12.3.rel1.win32_1.0.200.202406191623/tools/bin/../lib/gcc/arm-none-eabi/12.3.1/thumb/v7e-m+dp/hard\libgcc.a(_udivmoddi4.o)
                0x08000268                __udivmoddi4
 .text          0x08000524        0x4 C:/ST/STM32CubeIDE_1.16.1/STM32CubeIDE/plugins/com.st.stm32cube.ide.mcu.externaltools.gnu-tools-for-stm32.12.3.rel1.win32_1.0.200.202406191623/tools/bin/../lib/gcc/arm-none-eabi/12.3.1/thumb/v7e-m+dp/hard\libgcc.a(_dvmd_tls.o)
                0x08000524                __aeabi_idiv0
                0x08000524                __aeabi_ldiv0
 *(.text*)
 .text.playBuzzerTone
                0x08000528       0x30 ./Core/Src/main.o
                0x08000528                playBuzzerTone
 .text.LED_RGB_Cycle
                0x08000558      0x9d4 ./Core/Src/main.o
                0x08000558                LED_RGB_Cycle
 .text.main     0x08000f2c       0x60 ./Core/Src/main.o
                0x08000f2c                main
 .text.SystemClock_Config
                0x08000f8c       0xe0 ./Core/Src/main.o
                0x08000f8c                SystemClock_Config
 .text.MX_ETH_Init
                0x0800106c       0x9c ./Core/Src/main.o
 .text.MX_TIM3_Init
                0x08001108       0xe0 ./Core/Src/main.o
 .text.MX_TIM10_Init
                0x080011e8       0x9c ./Core/Src/main.o
 .text.MX_USART3_UART_Init
                0x08001284       0x60 ./Core/Src/main.o
 .text.MX_USB_OTG_FS_PCD_Init
                0x080012e4       0x5c ./Core/Src/main.o
 .text.MX_GPIO_Init
                0x08001340      0x174 ./Core/Src/main.o
 .text.Error_Handler
                0x080014b4        0xc ./Core/Src/main.o
                0x080014b4                Error_Handler
 .text.HAL_MspInit
                0x080014c0       0x48 ./Core/Src/stm32f7xx_hal_msp.o
                0x080014c0                HAL_MspInit
 .text.HAL_ETH_MspInit
                0x08001508      0x170 ./Core/Src/stm32f7xx_hal_msp.o
                0x08001508                HAL_ETH_MspInit
 .text.HAL_TIM_PWM_MspInit
                0x08001678       0x40 ./Core/Src/stm32f7xx_hal_msp.o
                0x08001678                HAL_TIM_PWM_MspInit
 .text.HAL_TIM_Base_MspInit
                0x080016b8       0x40 ./Core/Src/stm32f7xx_hal_msp.o
                0x080016b8                HAL_TIM_Base_MspInit
 .text.HAL_TIM_MspPostInit
                0x080016f8       0xbc ./Core/Src/stm32f7xx_hal_msp.o
                0x080016f8                HAL_TIM_MspPostInit
 .text.HAL_UART_MspInit
                0x080017b4       0xc0 ./Core/Src/stm32f7xx_hal_msp.o
                0x080017b4                HAL_UART_MspInit
 .text.HAL_PCD_MspInit
                0x08001874       0xf4 ./Core/Src/stm32f7xx_hal_msp.o
                0x08001874                HAL_PCD_MspInit
 .text.NMI_Handler
                0x08001968        0x8 ./Core/Src/stm32f7xx_it.o
                0x08001968                NMI_Handler
 .text.HardFault_Handler
                0x08001970        0x8 ./Core/Src/stm32f7xx_it.o
                0x08001970                HardFault_Handler
 .text.MemManage_Handler
                0x08001978        0x8 ./Core/Src/stm32f7xx_it.o
                0x08001978                MemManage_Handler
 .text.BusFault_Handler
                0x08001980        0x8 ./Core/Src/stm32f7xx_it.o
                0x08001980                BusFault_Handler
 .text.UsageFault_Handler
                0x08001988        0x8 ./Core/Src/stm32f7xx_it.o
                0x08001988                UsageFault_Handler
 .text.SVC_Handler
                0x08001990        0xe ./Core/Src/stm32f7xx_it.o
                0x08001990                SVC_Handler
 .text.DebugMon_Handler
                0x0800199e        0xe ./Core/Src/stm32f7xx_it.o
                0x0800199e                DebugMon_Handler
 .text.PendSV_Handler
                0x080019ac        0xe ./Core/Src/stm32f7xx_it.o
                0x080019ac                PendSV_Handler
 .text.SysTick_Handler
                0x080019ba        0xc ./Core/Src/stm32f7xx_it.o
                0x080019ba                SysTick_Handler
 *fill*         0x080019c6        0x2 
 .text.SystemInit
                0x080019c8       0x24 ./Core/Src/system_stm32f7xx.o
                0x080019c8                SystemInit
 .text.Reset_Handler
                0x080019ec       0x50 ./Core/Startup/startup_stm32f767zitx.o
                0x080019ec                Reset_Handler
 .text.Default_Handler
                0x08001a3c        0x2 ./Core/Startup/startup_stm32f767zitx.o
                0x08001a3c                RTC_Alarm_IRQHandler
                0x08001a3c                EXTI2_IRQHandler
                0x08001a3c                TIM8_CC_IRQHandler
                0x08001a3c                UART8_IRQHandler
                0x08001a3c                SPI4_IRQHandler
                0x08001a3c                TIM1_CC_IRQHandler
                0x08001a3c                DMA2_Stream5_IRQHandler
                0x08001a3c                JPEG_IRQHandler
                0x08001a3c                DMA1_Stream5_IRQHandler
                0x08001a3c                CAN3_RX1_IRQHandler
                0x08001a3c                PVD_IRQHandler
                0x08001a3c                TAMP_STAMP_IRQHandler
                0x08001a3c                CAN2_RX1_IRQHandler
                0x08001a3c                EXTI3_IRQHandler
                0x08001a3c                TIM8_TRG_COM_TIM14_IRQHandler
                0x08001a3c                DFSDM1_FLT1_IRQHandler
                0x08001a3c                TIM1_UP_TIM10_IRQHandler
                0x08001a3c                TIM8_UP_TIM13_IRQHandler
                0x08001a3c                I2C3_ER_IRQHandler
                0x08001a3c                DFSDM1_FLT2_IRQHandler
                0x08001a3c                EXTI0_IRQHandler
                0x08001a3c                I2C2_EV_IRQHandler
                0x08001a3c                DMA1_Stream2_IRQHandler
                0x08001a3c                CAN1_RX0_IRQHandler
                0x08001a3c                FPU_IRQHandler
                0x08001a3c                OTG_HS_WKUP_IRQHandler
                0x08001a3c                CAN3_SCE_IRQHandler
                0x08001a3c                LTDC_ER_IRQHandler
                0x08001a3c                CAN2_SCE_IRQHandler
                0x08001a3c                DMA2_Stream2_IRQHandler
                0x08001a3c                SPI1_IRQHandler
                0x08001a3c                TIM6_DAC_IRQHandler
                0x08001a3c                TIM1_BRK_TIM9_IRQHandler
                0x08001a3c                DCMI_IRQHandler
                0x08001a3c                CAN2_RX0_IRQHandler
                0x08001a3c                DMA2_Stream3_IRQHandler
                0x08001a3c                SAI2_IRQHandler
                0x08001a3c                DFSDM1_FLT3_IRQHandler
                0x08001a3c                USART6_IRQHandler
                0x08001a3c                CAN3_RX0_IRQHandler
                0x08001a3c                USART3_IRQHandler
                0x08001a3c                CAN1_RX1_IRQHandler
                0x08001a3c                UART5_IRQHandler
                0x08001a3c                DMA2_Stream0_IRQHandler
                0x08001a3c                TIM4_IRQHandler
                0x08001a3c                QUADSPI_IRQHandler
                0x08001a3c                I2C1_EV_IRQHandler
                0x08001a3c                DMA1_Stream6_IRQHandler
                0x08001a3c                DMA1_Stream1_IRQHandler
                0x08001a3c                UART4_IRQHandler
                0x08001a3c                TIM3_IRQHandler
                0x08001a3c                RCC_IRQHandler
                0x08001a3c                TIM8_BRK_TIM12_IRQHandler
                0x08001a3c                Default_Handler
                0x08001a3c                CEC_IRQHandler
                0x08001a3c                EXTI15_10_IRQHandler
                0x08001a3c                ADC_IRQHandler
                0x08001a3c                DMA1_Stream7_IRQHandler
                0x08001a3c                SPI5_IRQHandler
                0x08001a3c                TIM7_IRQHandler
                0x08001a3c                SDMMC1_IRQHandler
                0x08001a3c                CAN2_TX_IRQHandler
                0x08001a3c                TIM5_IRQHandler
                0x08001a3c                DMA2_Stream7_IRQHandler
                0x08001a3c                I2C3_EV_IRQHandler
                0x08001a3c                EXTI9_5_IRQHandler
                0x08001a3c                RTC_WKUP_IRQHandler
                0x08001a3c                LTDC_IRQHandler
                0x08001a3c                ETH_WKUP_IRQHandler
                0x08001a3c                SPDIF_RX_IRQHandler
                0x08001a3c                SPI2_IRQHandler
                0x08001a3c                OTG_HS_EP1_IN_IRQHandler
                0x08001a3c                DMA1_Stream0_IRQHandler
                0x08001a3c                CAN1_TX_IRQHandler
                0x08001a3c                EXTI4_IRQHandler
                0x08001a3c                RNG_IRQHandler
                0x08001a3c                ETH_IRQHandler
                0x08001a3c                OTG_HS_EP1_OUT_IRQHandler
                0x08001a3c                WWDG_IRQHandler
                0x08001a3c                SPI6_IRQHandler
                0x08001a3c                MDIOS_IRQHandler
                0x08001a3c                I2C4_EV_IRQHandler
                0x08001a3c                CAN3_TX_IRQHandler
                0x08001a3c                TIM2_IRQHandler
                0x08001a3c                OTG_FS_WKUP_IRQHandler
                0x08001a3c                TIM1_TRG_COM_TIM11_IRQHandler
                0x08001a3c                OTG_HS_IRQHandler
                0x08001a3c                DMA2D_IRQHandler
                0x08001a3c                EXTI1_IRQHandler
                0x08001a3c                SDMMC2_IRQHandler
                0x08001a3c                UART7_IRQHandler
                0x08001a3c                USART2_IRQHandler
                0x08001a3c                DFSDM1_FLT0_IRQHandler
                0x08001a3c                I2C2_ER_IRQHandler
                0x08001a3c                DMA2_Stream1_IRQHandler
                0x08001a3c                CAN1_SCE_IRQHandler
                0x08001a3c                FLASH_IRQHandler
                0x08001a3c                DMA2_Stream4_IRQHandler
                0x08001a3c                USART1_IRQHandler
                0x08001a3c                OTG_FS_IRQHandler
                0x08001a3c                SPI3_IRQHandler
                0x08001a3c                DMA1_Stream4_IRQHandler
                0x08001a3c                I2C1_ER_IRQHandler
                0x08001a3c                FMC_IRQHandler
                0x08001a3c                LPTIM1_IRQHandler
                0x08001a3c                I2C4_ER_IRQHandler
                0x08001a3c                DMA2_Stream6_IRQHandler
                0x08001a3c                SAI1_IRQHandler
                0x08001a3c                DMA1_Stream3_IRQHandler
 .text.HAL_Init
                0x08001a3e       0x1a ./Drivers/STM32F7xx_HAL_Driver/Src/stm32f7xx_hal.o
                0x08001a3e                HAL_Init
 .text.HAL_InitTick
                0x08001a58       0x60 ./Drivers/STM32F7xx_HAL_Driver/Src/stm32f7xx_hal.o
                0x08001a58                HAL_InitTick
 .text.HAL_IncTick
                0x08001ab8       0x28 ./Drivers/STM32F7xx_HAL_Driver/Src/stm32f7xx_hal.o
                0x08001ab8                HAL_IncTick
 .text.HAL_GetTick
                0x08001ae0       0x18 ./Drivers/STM32F7xx_HAL_Driver/Src/stm32f7xx_hal.o
                0x08001ae0                HAL_GetTick
 .text.HAL_Delay
                0x08001af8       0x48 ./Drivers/STM32F7xx_HAL_Driver/Src/stm32f7xx_hal.o
                0x08001af8                HAL_Delay
 .text.__NVIC_SetPriorityGrouping
                0x08001b40       0x48 ./Drivers/STM32F7xx_HAL_Driver/Src/stm32f7xx_hal_cortex.o
 .text.__NVIC_GetPriorityGrouping
                0x08001b88       0x1c ./Drivers/STM32F7xx_HAL_Driver/Src/stm32f7xx_hal_cortex.o
 .text.__NVIC_SetPriority
                0x08001ba4       0x54 ./Drivers/STM32F7xx_HAL_Driver/Src/stm32f7xx_hal_cortex.o
 .text.NVIC_EncodePriority
                0x08001bf8       0x66 ./Drivers/STM32F7xx_HAL_Driver/Src/stm32f7xx_hal_cortex.o
 *fill*         0x08001c5e        0x2 
 .text.SysTick_Config
                0x08001c60       0x44 ./Drivers/STM32F7xx_HAL_Driver/Src/stm32f7xx_hal_cortex.o
 .text.HAL_NVIC_SetPriorityGrouping
                0x08001ca4       0x16 ./Drivers/STM32F7xx_HAL_Driver/Src/stm32f7xx_hal_cortex.o
                0x08001ca4                HAL_NVIC_SetPriorityGrouping
 .text.HAL_NVIC_SetPriority
                0x08001cba       0x38 ./Drivers/STM32F7xx_HAL_Driver/Src/stm32f7xx_hal_cortex.o
                0x08001cba                HAL_NVIC_SetPriority
 .text.HAL_SYSTICK_Config
                0x08001cf2       0x18 ./Drivers/STM32F7xx_HAL_Driver/Src/stm32f7xx_hal_cortex.o
                0x08001cf2                HAL_SYSTICK_Config
 *fill*         0x08001d0a        0x2 
 .text.HAL_ETH_Init
                0x08001d0c      0x134 ./Drivers/STM32F7xx_HAL_Driver/Src/stm32f7xx_hal_eth.o
                0x08001d0c                HAL_ETH_Init
 .text.ETH_SetMACConfig
                0x08001e40      0x168 ./Drivers/STM32F7xx_HAL_Driver/Src/stm32f7xx_hal_eth.o
 .text.ETH_SetDMAConfig
                0x08001fa8      0x114 ./Drivers/STM32F7xx_HAL_Driver/Src/stm32f7xx_hal_eth.o
 .text.ETH_MACDMAConfig
                0x080020bc       0xea ./Drivers/STM32F7xx_HAL_Driver/Src/stm32f7xx_hal_eth.o
 *fill*         0x080021a6        0x2 
 .text.ETH_MACAddressConfig
                0x080021a8       0x70 ./Drivers/STM32F7xx_HAL_Driver/Src/stm32f7xx_hal_eth.o
 .text.ETH_DMATxDescListInit
                0x08002218       0xb2 ./Drivers/STM32F7xx_HAL_Driver/Src/stm32f7xx_hal_eth.o
 .text.ETH_DMARxDescListInit
                0x080022ca       0xde ./Drivers/STM32F7xx_HAL_Driver/Src/stm32f7xx_hal_eth.o
 .text.HAL_GPIO_Init
                0x080023a8      0x358 ./Drivers/STM32F7xx_HAL_Driver/Src/stm32f7xx_hal_gpio.o
                0x080023a8                HAL_GPIO_Init
 .text.HAL_GPIO_ReadPin
                0x08002700       0x30 ./Drivers/STM32F7xx_HAL_Driver/Src/stm32f7xx_hal_gpio.o
                0x08002700                HAL_GPIO_ReadPin
 .text.HAL_GPIO_WritePin
                0x08002730       0x32 ./Drivers/STM32F7xx_HAL_Driver/Src/stm32f7xx_hal_gpio.o
                0x08002730                HAL_GPIO_WritePin
 .text.HAL_PCD_Init
                0x08002762      0x22c ./Drivers/STM32F7xx_HAL_Driver/Src/stm32f7xx_hal_pcd.o
                0x08002762                HAL_PCD_Init
 *fill*         0x0800298e        0x2 
 .text.HAL_PCDEx_ActivateLPM
                0x08002990       0x48 ./Drivers/STM32F7xx_HAL_Driver/Src/stm32f7xx_hal_pcd_ex.o
                0x08002990                HAL_PCDEx_ActivateLPM
 .text.HAL_PWR_EnableBkUpAccess
                0x080029d8       0x20 ./Drivers/STM32F7xx_HAL_Driver/Src/stm32f7xx_hal_pwr.o
                0x080029d8                HAL_PWR_EnableBkUpAccess
 .text.HAL_PWREx_EnableOverDrive
                0x080029f8       0xa0 ./Drivers/STM32F7xx_HAL_Driver/Src/stm32f7xx_hal_pwr_ex.o
                0x080029f8                HAL_PWREx_EnableOverDrive
 .text.HAL_RCC_OscConfig
                0x08002a98      0x55c ./Drivers/STM32F7xx_HAL_Driver/Src/stm32f7xx_hal_rcc.o
                0x08002a98                HAL_RCC_OscConfig
 .text.HAL_RCC_ClockConfig
                0x08002ff4      0x1d8 ./Drivers/STM32F7xx_HAL_Driver/Src/stm32f7xx_hal_rcc.o
                0x08002ff4                HAL_RCC_ClockConfig
 .text.HAL_RCC_GetSysClockFreq
                0x080031cc      0x20c ./Drivers/STM32F7xx_HAL_Driver/Src/stm32f7xx_hal_rcc.o
                0x080031cc                HAL_RCC_GetSysClockFreq
 .text.HAL_RCC_GetHCLKFreq
                0x080033d8       0x18 ./Drivers/STM32F7xx_HAL_Driver/Src/stm32f7xx_hal_rcc.o
                0x080033d8                HAL_RCC_GetHCLKFreq
 .text.HAL_RCC_GetPCLK1Freq
                0x080033f0       0x28 ./Drivers/STM32F7xx_HAL_Driver/Src/stm32f7xx_hal_rcc.o
                0x080033f0                HAL_RCC_GetPCLK1Freq
 .text.HAL_RCC_GetPCLK2Freq
                0x08003418       0x28 ./Drivers/STM32F7xx_HAL_Driver/Src/stm32f7xx_hal_rcc.o
                0x08003418                HAL_RCC_GetPCLK2Freq
 .text.HAL_RCCEx_PeriphCLKConfig
                0x08003440      0x850 ./Drivers/STM32F7xx_HAL_Driver/Src/stm32f7xx_hal_rcc_ex.o
                0x08003440                HAL_RCCEx_PeriphCLKConfig
 .text.HAL_TIM_Base_Init
                0x08003c90       0xae ./Drivers/STM32F7xx_HAL_Driver/Src/stm32f7xx_hal_tim.o
                0x08003c90                HAL_TIM_Base_Init
 .text.HAL_TIM_PWM_Init
                0x08003d3e       0xae ./Drivers/STM32F7xx_HAL_Driver/Src/stm32f7xx_hal_tim.o
                0x08003d3e                HAL_TIM_PWM_Init
 .text.HAL_TIM_PWM_Start
                0x08003dec      0x1f4 ./Drivers/STM32F7xx_HAL_Driver/Src/stm32f7xx_hal_tim.o
                0x08003dec                HAL_TIM_PWM_Start
 .text.HAL_TIM_PWM_Stop
                0x08003fe0      0x100 ./Drivers/STM32F7xx_HAL_Driver/Src/stm32f7xx_hal_tim.o
                0x08003fe0                HAL_TIM_PWM_Stop
 .text.HAL_TIM_PWM_ConfigChannel
                0x080040e0      0x228 ./Drivers/STM32F7xx_HAL_Driver/Src/stm32f7xx_hal_tim.o
                0x080040e0                HAL_TIM_PWM_ConfigChannel
 .text.TIM_Base_SetConfig
                0x08004308      0x158 ./Drivers/STM32F7xx_HAL_Driver/Src/stm32f7xx_hal_tim.o
                0x08004308                TIM_Base_SetConfig
 .text.TIM_OC1_SetConfig
                0x08004460       0xe4 ./Drivers/STM32F7xx_HAL_Driver/Src/stm32f7xx_hal_tim.o
 .text.TIM_OC2_SetConfig
                0x08004544       0xf0 ./Drivers/STM32F7xx_HAL_Driver/Src/stm32f7xx_hal_tim.o
                0x08004544                TIM_OC2_SetConfig
 .text.TIM_OC3_SetConfig
                0x08004634       0xec ./Drivers/STM32F7xx_HAL_Driver/Src/stm32f7xx_hal_tim.o
 .text.TIM_OC4_SetConfig
                0x08004720       0xb0 ./Drivers/STM32F7xx_HAL_Driver/Src/stm32f7xx_hal_tim.o
 .text.TIM_OC5_SetConfig
                0x080047d0       0xa4 ./Drivers/STM32F7xx_HAL_Driver/Src/stm32f7xx_hal_tim.o
 .text.TIM_OC6_SetConfig
                0x08004874       0xa8 ./Drivers/STM32F7xx_HAL_Driver/Src/stm32f7xx_hal_tim.o
 .text.TIM_CCxChannelCmd
                0x0800491c       0x4a ./Drivers/STM32F7xx_HAL_Driver/Src/stm32f7xx_hal_tim.o
                0x0800491c                TIM_CCxChannelCmd
 *fill*         0x08004966        0x2 
 .text.HAL_TIMEx_MasterConfigSynchronization
                0x08004968      0x11c ./Drivers/STM32F7xx_HAL_Driver/Src/stm32f7xx_hal_tim_ex.o
                0x08004968                HAL_TIMEx_MasterConfigSynchronization
 .text.HAL_UART_Init
                0x08004a84       0x9c ./Drivers/STM32F7xx_HAL_Driver/Src/stm32f7xx_hal_uart.o
                0x08004a84                HAL_UART_Init
 .text.UART_SetConfig
                0x08004b20      0x4c8 ./Drivers/STM32F7xx_HAL_Driver/Src/stm32f7xx_hal_uart.o
                0x08004b20                UART_SetConfig
 .text.UART_AdvFeatureConfig
                0x08004fe8      0x144 ./Drivers/STM32F7xx_HAL_Driver/Src/stm32f7xx_hal_uart.o
                0x08004fe8                UART_AdvFeatureConfig
 .text.UART_CheckIdleState
                0x0800512c      0x150 ./Drivers/STM32F7xx_HAL_Driver/Src/stm32f7xx_hal_uart.o
                0x0800512c                UART_CheckIdleState
 .text.UART_WaitOnFlagUntilTimeout
                0x0800527c       0xda ./Drivers/STM32F7xx_HAL_Driver/Src/stm32f7xx_hal_uart.o
                0x0800527c                UART_WaitOnFlagUntilTimeout
 .text.UART_EndRxTransfer
                0x08005356       0xc8 ./Drivers/STM32F7xx_HAL_Driver/Src/stm32f7xx_hal_uart.o
 *fill*         0x0800541e        0x2 
 .text.USB_CoreInit
                0x08005420       0xb4 ./Drivers/STM32F7xx_HAL_Driver/Src/stm32f7xx_ll_usb.o
                0x08005420                USB_CoreInit
 .text.USB_DisableGlobalInt
                0x080054d4       0x22 ./Drivers/STM32F7xx_HAL_Driver/Src/stm32f7xx_ll_usb.o
                0x080054d4                USB_DisableGlobalInt
 .text.USB_SetCurrentMode
                0x080054f6       0x98 ./Drivers/STM32F7xx_HAL_Driver/Src/stm32f7xx_ll_usb.o
                0x080054f6                USB_SetCurrentMode
 *fill*         0x0800558e        0x2 
 .text.USB_DevInit
                0x08005590      0x2bc ./Drivers/STM32F7xx_HAL_Driver/Src/stm32f7xx_ll_usb.o
                0x08005590                USB_DevInit
 .text.USB_FlushTxFifo
                0x0800584c       0x64 ./Drivers/STM32F7xx_HAL_Driver/Src/stm32f7xx_ll_usb.o
                0x0800584c                USB_FlushTxFifo
 .text.USB_FlushRxFifo
                0x080058b0       0x5c ./Drivers/STM32F7xx_HAL_Driver/Src/stm32f7xx_ll_usb.o
                0x080058b0                USB_FlushRxFifo
 .text.USB_SetDevSpeed
                0x0800590c       0x32 ./Drivers/STM32F7xx_HAL_Driver/Src/stm32f7xx_ll_usb.o
                0x0800590c                USB_SetDevSpeed
 .text.USB_DevDisconnect
                0x0800593e       0x42 ./Drivers/STM32F7xx_HAL_Driver/Src/stm32f7xx_ll_usb.o
                0x0800593e                USB_DevDisconnect
 .text.USB_GetMode
                0x08005980       0x1c ./Drivers/STM32F7xx_HAL_Driver/Src/stm32f7xx_ll_usb.o
                0x08005980                USB_GetMode
 .text.USB_CoreReset
                0x0800599c       0x62 ./Drivers/STM32F7xx_HAL_Driver/Src/stm32f7xx_ll_usb.o
 .text.memset   0x080059fe       0x10 C:/ST/STM32CubeIDE_1.16.1/STM32CubeIDE/plugins/com.st.stm32cube.ide.mcu.externaltools.gnu-tools-for-stm32.12.3.rel1.win32_1.0.200.202406191623/tools/bin/../lib/gcc/arm-none-eabi/12.3.1/../../../../arm-none-eabi/lib/thumb/v7e-m+dp/hard\libc_nano.a(libc_a-memset.o)
                0x080059fe                memset
 *fill*         0x08005a0e        0x2 
 .text.__libc_init_array
                0x08005a10       0x48 C:/ST/STM32CubeIDE_1.16.1/STM32CubeIDE/plugins/com.st.stm32cube.ide.mcu.externaltools.gnu-tools-for-stm32.12.3.rel1.win32_1.0.200.202406191623/tools/bin/../lib/gcc/arm-none-eabi/12.3.1/../../../../arm-none-eabi/lib/thumb/v7e-m+dp/hard\libc_nano.a(libc_a-init.o)
                0x08005a10                __libc_init_array
 *(.glue_7)
 .glue_7        0x08005a58        0x0 linker stubs
 *(.glue_7t)
 .glue_7t       0x08005a58        0x0 linker stubs
 *(.eh_frame)
 .eh_frame      0x08005a58        0x0 C:/ST/STM32CubeIDE_1.16.1/STM32CubeIDE/plugins/com.st.stm32cube.ide.mcu.externaltools.gnu-tools-for-stm32.12.3.rel1.win32_1.0.200.202406191623/tools/bin/../lib/gcc/arm-none-eabi/12.3.1/thumb/v7e-m+dp/hard/crtbegin.o
 *(.init)
 .init          0x08005a58        0x4 C:/ST/STM32CubeIDE_1.16.1/STM32CubeIDE/plugins/com.st.stm32cube.ide.mcu.externaltools.gnu-tools-for-stm32.12.3.rel1.win32_1.0.200.202406191623/tools/bin/../lib/gcc/arm-none-eabi/12.3.1/thumb/v7e-m+dp/hard/crti.o
                0x08005a58                _init
 .init          0x08005a5c        0x8 C:/ST/STM32CubeIDE_1.16.1/STM32CubeIDE/plugins/com.st.stm32cube.ide.mcu.externaltools.gnu-tools-for-stm32.12.3.rel1.win32_1.0.200.202406191623/tools/bin/../lib/gcc/arm-none-eabi/12.3.1/thumb/v7e-m+dp/hard/crtn.o
 *(.fini)
 .fini          0x08005a64        0x4 C:/ST/STM32CubeIDE_1.16.1/STM32CubeIDE/plugins/com.st.stm32cube.ide.mcu.externaltools.gnu-tools-for-stm32.12.3.rel1.win32_1.0.200.202406191623/tools/bin/../lib/gcc/arm-none-eabi/12.3.1/thumb/v7e-m+dp/hard/crti.o
                0x08005a64                _fini
 .fini          0x08005a68        0x8 C:/ST/STM32CubeIDE_1.16.1/STM32CubeIDE/plugins/com.st.stm32cube.ide.mcu.externaltools.gnu-tools-for-stm32.12.3.rel1.win32_1.0.200.202406191623/tools/bin/../lib/gcc/arm-none-eabi/12.3.1/thumb/v7e-m+dp/hard/crtn.o
                0x08005a70                        . = ALIGN (0x4)
                0x08005a70                        _etext = .

.vfp11_veneer   0x08005a70        0x0
 .vfp11_veneer  0x08005a70        0x0 linker stubs

.v4_bx          0x08005a70        0x0
 .v4_bx         0x08005a70        0x0 linker stubs

.iplt           0x08005a70        0x0
 .iplt          0x08005a70        0x0 C:/ST/STM32CubeIDE_1.16.1/STM32CubeIDE/plugins/com.st.stm32cube.ide.mcu.externaltools.gnu-tools-for-stm32.12.3.rel1.win32_1.0.200.202406191623/tools/bin/../lib/gcc/arm-none-eabi/12.3.1/thumb/v7e-m+dp/hard/crtbegin.o

.rodata         0x08005a70       0x18
                0x08005a70                        . = ALIGN (0x4)
 *(.rodata)
 *(.rodata*)
 .rodata.AHBPrescTable
                0x08005a70       0x10 ./Core/Src/system_stm32f7xx.o
                0x08005a70                AHBPrescTable
 .rodata.APBPrescTable
                0x08005a80        0x8 ./Core/Src/system_stm32f7xx.o
                0x08005a80                APBPrescTable
                0x08005a88                        . = ALIGN (0x4)

.ARM.extab      0x08005a88        0x0
                0x08005a88                        . = ALIGN (0x4)
 *(.ARM.extab* .gnu.linkonce.armextab.*)
                0x08005a88                        . = ALIGN (0x4)

.ARM            0x08005a88        0x8
                0x08005a88                        . = ALIGN (0x4)
                0x08005a88                        __exidx_start = .
 *(.ARM.exidx*)
 .ARM.exidx     0x08005a88        0x8 C:/ST/STM32CubeIDE_1.16.1/STM32CubeIDE/plugins/com.st.stm32cube.ide.mcu.externaltools.gnu-tools-for-stm32.12.3.rel1.win32_1.0.200.202406191623/tools/bin/../lib/gcc/arm-none-eabi/12.3.1/thumb/v7e-m+dp/hard\libgcc.a(_udivmoddi4.o)
                0x08005a90                        __exidx_end = .
                0x08005a90                        . = ALIGN (0x4)

.preinit_array  0x08005a90        0x0
                0x08005a90                        . = ALIGN (0x4)
                0x08005a90                        PROVIDE (__preinit_array_start = .)
 *(.preinit_array*)
                0x08005a90                        PROVIDE (__preinit_array_end = .)
                0x08005a90                        . = ALIGN (0x4)

.init_array     0x08005a90        0x4
                0x08005a90                        . = ALIGN (0x4)
                0x08005a90                        PROVIDE (__init_array_start = .)
 *(SORT_BY_NAME(.init_array.*))
 *(.init_array*)
 .init_array    0x08005a90        0x4 C:/ST/STM32CubeIDE_1.16.1/STM32CubeIDE/plugins/com.st.stm32cube.ide.mcu.externaltools.gnu-tools-for-stm32.12.3.rel1.win32_1.0.200.202406191623/tools/bin/../lib/gcc/arm-none-eabi/12.3.1/thumb/v7e-m+dp/hard/crtbegin.o
                0x08005a94                        PROVIDE (__init_array_end = .)
                0x08005a94                        . = ALIGN (0x4)

.fini_array     0x08005a94        0x4
                0x08005a94                        . = ALIGN (0x4)
                [!provide]                        PROVIDE (__fini_array_start = .)
 *(SORT_BY_NAME(.fini_array.*))
 *(.fini_array*)
 .fini_array    0x08005a94        0x4 C:/ST/STM32CubeIDE_1.16.1/STM32CubeIDE/plugins/com.st.stm32cube.ide.mcu.externaltools.gnu-tools-for-stm32.12.3.rel1.win32_1.0.200.202406191623/tools/bin/../lib/gcc/arm-none-eabi/12.3.1/thumb/v7e-m+dp/hard/crtbegin.o
                [!provide]                        PROVIDE (__fini_array_end = .)
                0x08005a98                        . = ALIGN (0x4)
                0x08005a98                        _sidata = LOADADDR (.data)

.rel.dyn        0x08005a98        0x0
 .rel.iplt      0x08005a98        0x0 C:/ST/STM32CubeIDE_1.16.1/STM32CubeIDE/plugins/com.st.stm32cube.ide.mcu.externaltools.gnu-tools-for-stm32.12.3.rel1.win32_1.0.200.202406191623/tools/bin/../lib/gcc/arm-none-eabi/12.3.1/thumb/v7e-m+dp/hard/crtbegin.o

.data           0x20000000       0x1c load address 0x08005a98
                0x20000000                        . = ALIGN (0x4)
                0x20000000                        _sdata = .
 *(.data)
 *(.data*)
 .data.cycleDelay
                0x20000000        0x1 ./Core/Src/main.o
                0x20000000                cycleDelay
 *fill*         0x20000001        0x3 
 .data.channels
                0x20000004        0xc ./Core/Src/main.o
                0x20000004                channels
 .data.SystemCoreClock
                0x20000010        0x4 ./Core/Src/system_stm32f7xx.o
                0x20000010                SystemCoreClock
 .data.uwTickPrio
                0x20000014        0x4 ./Drivers/STM32F7xx_HAL_Driver/Src/stm32f7xx_hal.o
                0x20000014                uwTickPrio
 .data.uwTickFreq
                0x20000018        0x1 ./Drivers/STM32F7xx_HAL_Driver/Src/stm32f7xx_hal.o
                0x20000018                uwTickFreq
 *(.RamFunc)
 *(.RamFunc*)
                0x2000001c                        . = ALIGN (0x4)
 *fill*         0x20000019        0x3 
                0x2000001c                        _edata = .

.igot.plt       0x2000001c        0x0 load address 0x08005ab4
 .igot.plt      0x2000001c        0x0 C:/ST/STM32CubeIDE_1.16.1/STM32CubeIDE/plugins/com.st.stm32cube.ide.mcu.externaltools.gnu-tools-for-stm32.12.3.rel1.win32_1.0.200.202406191623/tools/bin/../lib/gcc/arm-none-eabi/12.3.1/thumb/v7e-m+dp/hard/crtbegin.o

.RxDecripSection
                0x2000001c       0xa0 load address 0x08005ab4
 .RxDecripSection
                0x2000001c       0xa0 ./Core/Src/main.o
                0x2000001c                DMARxDscrTab

.TxDecripSection
                0x200000bc       0xa0 load address 0x08005b54
 .TxDecripSection
                0x200000bc       0xa0 ./Core/Src/main.o
                0x200000bc                DMATxDscrTab
                0x2000015c                        . = ALIGN (0x4)

.bss            0x2000015c      0x714 load address 0x08005bf4
                0x2000015c                        _sbss = .
                0x2000015c                        __bss_start__ = _sbss
 *(.bss)
 .bss           0x2000015c       0x1c C:/ST/STM32CubeIDE_1.16.1/STM32CubeIDE/plugins/com.st.stm32cube.ide.mcu.externaltools.gnu-tools-for-stm32.12.3.rel1.win32_1.0.200.202406191623/tools/bin/../lib/gcc/arm-none-eabi/12.3.1/thumb/v7e-m+dp/hard/crtbegin.o
 *(.bss*)
 .bss.touchState
                0x20000178        0x1 ./Core/Src/main.o
                0x20000178                touchState
 *fill*         0x20000179        0x3 
 .bss.TxConfig  0x2000017c       0x38 ./Core/Src/main.o
                0x2000017c                TxConfig
 .bss.heth      0x200001b4       0xb0 ./Core/Src/main.o
                0x200001b4                heth
 .bss.htim3     0x20000264       0x4c ./Core/Src/main.o
                0x20000264                htim3
 .bss.htim10    0x200002b0       0x4c ./Core/Src/main.o
                0x200002b0                htim10
 .bss.huart3    0x200002fc       0x88 ./Core/Src/main.o
                0x200002fc                huart3
 .bss.hpcd_USB_OTG_FS
                0x20000384      0x4e0 ./Core/Src/main.o
                0x20000384                hpcd_USB_OTG_FS
 .bss.MACAddr.0
                0x20000864        0x6 ./Core/Src/main.o
 *fill*         0x2000086a        0x2 
 .bss.uwTick    0x2000086c        0x4 ./Drivers/STM32F7xx_HAL_Driver/Src/stm32f7xx_hal.o
                0x2000086c                uwTick
 *(COMMON)
                0x20000870                        . = ALIGN (0x4)
                0x20000870                        _ebss = .
                0x20000870                        __bss_end__ = _ebss

._user_heap_stack
                0x20000870      0x600 load address 0x08005bf4
                0x20000870                        . = ALIGN (0x8)
                [!provide]                        PROVIDE (end = .)
                0x20000870                        PROVIDE (_end = .)
                0x20000a70                        . = (. + _Min_Heap_Size)
 *fill*         0x20000870      0x200 
                0x20000e70                        . = (. + _Min_Stack_Size)
 *fill*         0x20000a70      0x400 
                0x20000e70                        . = ALIGN (0x8)

/DISCARD/
 libc.a(*)
 libm.a(*)
 libgcc.a(*)

.ARM.attributes
                0x00000000       0x2e
 *(.ARM.attributes)
 .ARM.attributes
                0x00000000       0x20 C:/ST/STM32CubeIDE_1.16.1/STM32CubeIDE/plugins/com.st.stm32cube.ide.mcu.externaltools.gnu-tools-for-stm32.12.3.rel1.win32_1.0.200.202406191623/tools/bin/../lib/gcc/arm-none-eabi/12.3.1/thumb/v7e-m+dp/hard/crti.o
 .ARM.attributes
                0x00000020       0x32 C:/ST/STM32CubeIDE_1.16.1/STM32CubeIDE/plugins/com.st.stm32cube.ide.mcu.externaltools.gnu-tools-for-stm32.12.3.rel1.win32_1.0.200.202406191623/tools/bin/../lib/gcc/arm-none-eabi/12.3.1/thumb/v7e-m+dp/hard/crtbegin.o
 .ARM.attributes
                0x00000052       0x32 ./Core/Src/main.o
 .ARM.attributes
                0x00000084       0x32 ./Core/Src/stm32f7xx_hal_msp.o
 .ARM.attributes
                0x000000b6       0x32 ./Core/Src/stm32f7xx_it.o
 .ARM.attributes
                0x000000e8       0x32 ./Core/Src/system_stm32f7xx.o
 .ARM.attributes
                0x0000011a       0x21 ./Core/Startup/startup_stm32f767zitx.o
 .ARM.attributes
                0x0000013b       0x32 ./Drivers/STM32F7xx_HAL_Driver/Src/stm32f7xx_hal.o
 .ARM.attributes
                0x0000016d       0x32 ./Drivers/STM32F7xx_HAL_Driver/Src/stm32f7xx_hal_cortex.o
 .ARM.attributes
                0x0000019f       0x32 ./Drivers/STM32F7xx_HAL_Driver/Src/stm32f7xx_hal_eth.o
 .ARM.attributes
                0x000001d1       0x32 ./Drivers/STM32F7xx_HAL_Driver/Src/stm32f7xx_hal_gpio.o
 .ARM.attributes
                0x00000203       0x32 ./Drivers/STM32F7xx_HAL_Driver/Src/stm32f7xx_hal_pcd.o
 .ARM.attributes
                0x00000235       0x32 ./Drivers/STM32F7xx_HAL_Driver/Src/stm32f7xx_hal_pcd_ex.o
 .ARM.attributes
                0x00000267       0x32 ./Drivers/STM32F7xx_HAL_Driver/Src/stm32f7xx_hal_pwr.o
 .ARM.attributes
                0x00000299       0x32 ./Drivers/STM32F7xx_HAL_Driver/Src/stm32f7xx_hal_pwr_ex.o
 .ARM.attributes
                0x000002cb       0x32 ./Drivers/STM32F7xx_HAL_Driver/Src/stm32f7xx_hal_rcc.o
 .ARM.attributes
                0x000002fd       0x32 ./Drivers/STM32F7xx_HAL_Driver/Src/stm32f7xx_hal_rcc_ex.o
 .ARM.attributes
                0x0000032f       0x32 ./Drivers/STM32F7xx_HAL_Driver/Src/stm32f7xx_hal_tim.o
 .ARM.attributes
                0x00000361       0x32 ./Drivers/STM32F7xx_HAL_Driver/Src/stm32f7xx_hal_tim_ex.o
 .ARM.attributes
                0x00000393       0x32 ./Drivers/STM32F7xx_HAL_Driver/Src/stm32f7xx_hal_uart.o
 .ARM.attributes
                0x000003c5       0x32 ./Drivers/STM32F7xx_HAL_Driver/Src/stm32f7xx_ll_usb.o
 .ARM.attributes
                0x000003f7       0x32 C:/ST/STM32CubeIDE_1.16.1/STM32CubeIDE/plugins/com.st.stm32cube.ide.mcu.externaltools.gnu-tools-for-stm32.12.3.rel1.win32_1.0.200.202406191623/tools/bin/../lib/gcc/arm-none-eabi/12.3.1/../../../../arm-none-eabi/lib/thumb/v7e-m+dp/hard\libc_nano.a(libc_a-memset.o)
 .ARM.attributes
                0x00000429       0x32 C:/ST/STM32CubeIDE_1.16.1/STM32CubeIDE/plugins/com.st.stm32cube.ide.mcu.externaltools.gnu-tools-for-stm32.12.3.rel1.win32_1.0.200.202406191623/tools/bin/../lib/gcc/arm-none-eabi/12.3.1/../../../../arm-none-eabi/lib/thumb/v7e-m+dp/hard\libc_nano.a(libc_a-init.o)
 .ARM.attributes
                0x0000045b       0x20 C:/ST/STM32CubeIDE_1.16.1/STM32CubeIDE/plugins/com.st.stm32cube.ide.mcu.externaltools.gnu-tools-for-stm32.12.3.rel1.win32_1.0.200.202406191623/tools/bin/../lib/gcc/arm-none-eabi/12.3.1/thumb/v7e-m+dp/hard\libgcc.a(_aeabi_uldivmod.o)
 .ARM.attributes
                0x0000047b       0x32 C:/ST/STM32CubeIDE_1.16.1/STM32CubeIDE/plugins/com.st.stm32cube.ide.mcu.externaltools.gnu-tools-for-stm32.12.3.rel1.win32_1.0.200.202406191623/tools/bin/../lib/gcc/arm-none-eabi/12.3.1/thumb/v7e-m+dp/hard\libgcc.a(_udivmoddi4.o)
 .ARM.attributes
                0x000004ad       0x20 C:/ST/STM32CubeIDE_1.16.1/STM32CubeIDE/plugins/com.st.stm32cube.ide.mcu.externaltools.gnu-tools-for-stm32.12.3.rel1.win32_1.0.200.202406191623/tools/bin/../lib/gcc/arm-none-eabi/12.3.1/thumb/v7e-m+dp/hard\libgcc.a(_dvmd_tls.o)
 .ARM.attributes
                0x000004cd       0x20 C:/ST/STM32CubeIDE_1.16.1/STM32CubeIDE/plugins/com.st.stm32cube.ide.mcu.externaltools.gnu-tools-for-stm32.12.3.rel1.win32_1.0.200.202406191623/tools/bin/../lib/gcc/arm-none-eabi/12.3.1/thumb/v7e-m+dp/hard/crtn.o
OUTPUT(buzzer sing.elf elf32-littlearm)
LOAD linker stubs
LOAD C:/ST/STM32CubeIDE_1.16.1/STM32CubeIDE/plugins/com.st.stm32cube.ide.mcu.externaltools.gnu-tools-for-stm32.12.3.rel1.win32_1.0.200.202406191623/tools/bin/../lib/gcc/arm-none-eabi/12.3.1/../../../../arm-none-eabi/lib/thumb/v7e-m+dp/hard\libc.a
LOAD C:/ST/STM32CubeIDE_1.16.1/STM32CubeIDE/plugins/com.st.stm32cube.ide.mcu.externaltools.gnu-tools-for-stm32.12.3.rel1.win32_1.0.200.202406191623/tools/bin/../lib/gcc/arm-none-eabi/12.3.1/../../../../arm-none-eabi/lib/thumb/v7e-m+dp/hard\libm.a
LOAD C:/ST/STM32CubeIDE_1.16.1/STM32CubeIDE/plugins/com.st.stm32cube.ide.mcu.externaltools.gnu-tools-for-stm32.12.3.rel1.win32_1.0.200.202406191623/tools/bin/../lib/gcc/arm-none-eabi/12.3.1/thumb/v7e-m+dp/hard\libgcc.a

.debug_info     0x00000000    0x1646f
 .debug_info    0x00000000     0x23cf ./Core/Src/main.o
 .debug_info    0x000023cf     0x204f ./Core/Src/stm32f7xx_hal_msp.o
 .debug_info    0x0000441e      0x112 ./Core/Src/stm32f7xx_it.o
 .debug_info    0x00004530      0x6ed ./Core/Src/system_stm32f7xx.o
 .debug_info    0x00004c1d       0x30 ./Core/Startup/startup_stm32f767zitx.o
 .debug_info    0x00004c4d      0xa4c ./Drivers/STM32F7xx_HAL_Driver/Src/stm32f7xx_hal.o
 .debug_info    0x00005699      0xfc0 ./Drivers/STM32F7xx_HAL_Driver/Src/stm32f7xx_hal_cortex.o
 .debug_info    0x00006659     0x218c ./Drivers/STM32F7xx_HAL_Driver/Src/stm32f7xx_hal_eth.o
 .debug_info    0x000087e5      0x6f3 ./Drivers/STM32F7xx_HAL_Driver/Src/stm32f7xx_hal_gpio.o
 .debug_info    0x00008ed8     0x1599 ./Drivers/STM32F7xx_HAL_Driver/Src/stm32f7xx_hal_pcd.o
 .debug_info    0x0000a471      0x7a3 ./Drivers/STM32F7xx_HAL_Driver/Src/stm32f7xx_hal_pcd_ex.o
 .debug_info    0x0000ac14      0x90e ./Drivers/STM32F7xx_HAL_Driver/Src/stm32f7xx_hal_pwr.o
 .debug_info    0x0000b522      0x8cd ./Drivers/STM32F7xx_HAL_Driver/Src/stm32f7xx_hal_pwr_ex.o
 .debug_info    0x0000bdef      0x937 ./Drivers/STM32F7xx_HAL_Driver/Src/stm32f7xx_hal_rcc.o
 .debug_info    0x0000c726      0x6e1 ./Drivers/STM32F7xx_HAL_Driver/Src/stm32f7xx_hal_rcc_ex.o
 .debug_info    0x0000ce07     0x2ad5 ./Drivers/STM32F7xx_HAL_Driver/Src/stm32f7xx_hal_tim.o
 .debug_info    0x0000f8dc     0x16bb ./Drivers/STM32F7xx_HAL_Driver/Src/stm32f7xx_hal_tim_ex.o
 .debug_info    0x00010f97     0x3adc ./Drivers/STM32F7xx_HAL_Driver/Src/stm32f7xx_hal_uart.o
 .debug_info    0x00014a73     0x19fc ./Drivers/STM32F7xx_HAL_Driver/Src/stm32f7xx_ll_usb.o

.debug_abbrev   0x00000000     0x296b
 .debug_abbrev  0x00000000      0x314 ./Core/Src/main.o
 .debug_abbrev  0x00000314      0x2b9 ./Core/Src/stm32f7xx_hal_msp.o
 .debug_abbrev  0x000005cd       0x73 ./Core/Src/stm32f7xx_it.o
 .debug_abbrev  0x00000640      0x13b ./Core/Src/system_stm32f7xx.o
 .debug_abbrev  0x0000077b       0x24 ./Core/Startup/startup_stm32f767zitx.o
 .debug_abbrev  0x0000079f      0x213 ./Drivers/STM32F7xx_HAL_Driver/Src/stm32f7xx_hal.o
 .debug_abbrev  0x000009b2      0x31e ./Drivers/STM32F7xx_HAL_Driver/Src/stm32f7xx_hal_cortex.o
 .debug_abbrev  0x00000cd0      0x35a ./Drivers/STM32F7xx_HAL_Driver/Src/stm32f7xx_hal_eth.o
 .debug_abbrev  0x0000102a      0x1d4 ./Drivers/STM32F7xx_HAL_Driver/Src/stm32f7xx_hal_gpio.o
 .debug_abbrev  0x000011fe      0x2ee ./Drivers/STM32F7xx_HAL_Driver/Src/stm32f7xx_hal_pcd.o
 .debug_abbrev  0x000014ec      0x1ca ./Drivers/STM32F7xx_HAL_Driver/Src/stm32f7xx_hal_pcd_ex.o
 .debug_abbrev  0x000016b6      0x1c5 ./Drivers/STM32F7xx_HAL_Driver/Src/stm32f7xx_hal_pwr.o
 .debug_abbrev  0x0000187b      0x1d5 ./Drivers/STM32F7xx_HAL_Driver/Src/stm32f7xx_hal_pwr_ex.o
 .debug_abbrev  0x00001a50      0x2de ./Drivers/STM32F7xx_HAL_Driver/Src/stm32f7xx_hal_rcc.o
 .debug_abbrev  0x00001d2e      0x1c9 ./Drivers/STM32F7xx_HAL_Driver/Src/stm32f7xx_hal_rcc_ex.o
 .debug_abbrev  0x00001ef7      0x278 ./Drivers/STM32F7xx_HAL_Driver/Src/stm32f7xx_hal_tim.o
 .debug_abbrev  0x0000216f      0x283 ./Drivers/STM32F7xx_HAL_Driver/Src/stm32f7xx_hal_tim_ex.o
 .debug_abbrev  0x000023f2      0x2e6 ./Drivers/STM32F7xx_HAL_Driver/Src/stm32f7xx_hal_uart.o
 .debug_abbrev  0x000026d8      0x293 ./Drivers/STM32F7xx_HAL_Driver/Src/stm32f7xx_ll_usb.o

.debug_aranges  0x00000000     0x12c0
 .debug_aranges
                0x00000000       0x70 ./Core/Src/main.o
 .debug_aranges
                0x00000070       0x78 ./Core/Src/stm32f7xx_hal_msp.o
 .debug_aranges
                0x000000e8       0x60 ./Core/Src/stm32f7xx_it.o
 .debug_aranges
                0x00000148       0x28 ./Core/Src/system_stm32f7xx.o
 .debug_aranges
                0x00000170       0x28 ./Core/Startup/startup_stm32f767zitx.o
 .debug_aranges
                0x00000198      0x110 ./Drivers/STM32F7xx_HAL_Driver/Src/stm32f7xx_hal.o
 .debug_aranges
                0x000002a8      0x128 ./Drivers/STM32F7xx_HAL_Driver/Src/stm32f7xx_hal_cortex.o
 .debug_aranges
                0x000003d0      0x1e0 ./Drivers/STM32F7xx_HAL_Driver/Src/stm32f7xx_hal_eth.o
 .debug_aranges
                0x000005b0       0x58 ./Drivers/STM32F7xx_HAL_Driver/Src/stm32f7xx_hal_gpio.o
 .debug_aranges
                0x00000608      0x148 ./Drivers/STM32F7xx_HAL_Driver/Src/stm32f7xx_hal_pcd.o
 .debug_aranges
                0x00000750       0x48 ./Drivers/STM32F7xx_HAL_Driver/Src/stm32f7xx_hal_pcd_ex.o
 .debug_aranges
                0x00000798       0xa0 ./Drivers/STM32F7xx_HAL_Driver/Src/stm32f7xx_hal_pwr.o
 .debug_aranges
                0x00000838       0x80 ./Drivers/STM32F7xx_HAL_Driver/Src/stm32f7xx_hal_pwr_ex.o
 .debug_aranges
                0x000008b8       0x88 ./Drivers/STM32F7xx_HAL_Driver/Src/stm32f7xx_hal_rcc.o
 .debug_aranges
                0x00000940       0x50 ./Drivers/STM32F7xx_HAL_Driver/Src/stm32f7xx_hal_rcc_ex.o
 .debug_aranges
                0x00000990      0x3e0 ./Drivers/STM32F7xx_HAL_Driver/Src/stm32f7xx_hal_tim.o
 .debug_aranges
                0x00000d70      0x180 ./Drivers/STM32F7xx_HAL_Driver/Src/stm32f7xx_hal_tim_ex.o
 .debug_aranges
                0x00000ef0      0x230 ./Drivers/STM32F7xx_HAL_Driver/Src/stm32f7xx_hal_uart.o
 .debug_aranges
                0x00001120      0x1a0 ./Drivers/STM32F7xx_HAL_Driver/Src/stm32f7xx_ll_usb.o

.debug_rnglists
                0x00000000      0xeaa
 .debug_rnglists
                0x00000000       0x55 ./Core/Src/main.o
 .debug_rnglists
                0x00000055       0x59 ./Core/Src/stm32f7xx_hal_msp.o
 .debug_rnglists
                0x000000ae       0x43 ./Core/Src/stm32f7xx_it.o
 .debug_rnglists
                0x000000f1       0x1a ./Core/Src/system_stm32f7xx.o
 .debug_rnglists
                0x0000010b       0x19 ./Core/Startup/startup_stm32f767zitx.o
 .debug_rnglists
                0x00000124       0xc7 ./Drivers/STM32F7xx_HAL_Driver/Src/stm32f7xx_hal.o
 .debug_rnglists
                0x000001eb       0xda ./Drivers/STM32F7xx_HAL_Driver/Src/stm32f7xx_hal_cortex.o
 .debug_rnglists
                0x000002c5      0x17d ./Drivers/STM32F7xx_HAL_Driver/Src/stm32f7xx_hal_eth.o
 .debug_rnglists
                0x00000442       0x3f ./Drivers/STM32F7xx_HAL_Driver/Src/stm32f7xx_hal_gpio.o
 .debug_rnglists
                0x00000481       0xfa ./Drivers/STM32F7xx_HAL_Driver/Src/stm32f7xx_hal_pcd.o
 .debug_rnglists
                0x0000057b       0x32 ./Drivers/STM32F7xx_HAL_Driver/Src/stm32f7xx_hal_pcd_ex.o
 .debug_rnglists
                0x000005ad       0x74 ./Drivers/STM32F7xx_HAL_Driver/Src/stm32f7xx_hal_pwr.o
 .debug_rnglists
                0x00000621       0x5f ./Drivers/STM32F7xx_HAL_Driver/Src/stm32f7xx_hal_pwr_ex.o
 .debug_rnglists
                0x00000680       0x67 ./Drivers/STM32F7xx_HAL_Driver/Src/stm32f7xx_hal_rcc.o
 .debug_rnglists
                0x000006e7       0x3c ./Drivers/STM32F7xx_HAL_Driver/Src/stm32f7xx_hal_rcc_ex.o
 .debug_rnglists
                0x00000723      0x328 ./Drivers/STM32F7xx_HAL_Driver/Src/stm32f7xx_hal_tim.o
 .debug_rnglists
                0x00000a4b      0x138 ./Drivers/STM32F7xx_HAL_Driver/Src/stm32f7xx_hal_tim_ex.o
 .debug_rnglists
                0x00000b83      0x1e0 ./Drivers/STM32F7xx_HAL_Driver/Src/stm32f7xx_hal_uart.o
 .debug_rnglists
                0x00000d63      0x147 ./Drivers/STM32F7xx_HAL_Driver/Src/stm32f7xx_ll_usb.o

.debug_macro    0x00000000    0x29529
 .debug_macro   0x00000000      0x2ee ./Core/Src/main.o
 .debug_macro   0x000002ee      0xacc ./Core/Src/main.o
 .debug_macro   0x00000dba      0x29f ./Core/Src/main.o
 .debug_macro   0x00001059       0x2e ./Core/Src/main.o
 .debug_macro   0x00001087       0x3b ./Core/Src/main.o
 .debug_macro   0x000010c2       0x22 ./Core/Src/main.o
 .debug_macro   0x000010e4       0x8e ./Core/Src/main.o
 .debug_macro   0x00001172       0x51 ./Core/Src/main.o
 .debug_macro   0x000011c3      0x103 ./Core/Src/main.o
 .debug_macro   0x000012c6       0x6a ./Core/Src/main.o
 .debug_macro   0x00001330      0x1df ./Core/Src/main.o
 .debug_macro   0x0000150f       0x1c ./Core/Src/main.o
 .debug_macro   0x0000152b       0x22 ./Core/Src/main.o
 .debug_macro   0x0000154d       0xd9 ./Core/Src/main.o
 .debug_macro   0x00001626     0x12cd ./Core/Src/main.o
 .debug_macro   0x000028f3      0x11f ./Core/Src/main.o
 .debug_macro   0x00002a12       0x19 ./Core/Src/main.o
 .debug_macro   0x00002a2b    0x1aa23 ./Core/Src/main.o
 .debug_macro   0x0001d44e       0x6d ./Core/Src/main.o
 .debug_macro   0x0001d4bb     0x3765 ./Core/Src/main.o
 .debug_macro   0x00020c20      0x189 ./Core/Src/main.o
 .debug_macro   0x00020da9       0x63 ./Core/Src/main.o
 .debug_macro   0x00020e0c     0x1add ./Core/Src/main.o
 .debug_macro   0x000228e9      0x6c4 ./Core/Src/main.o
 .debug_macro   0x00022fad      0x18b ./Core/Src/main.o
 .debug_macro   0x00023138      0x115 ./Core/Src/main.o
 .debug_macro   0x0002324d      0x26e ./Core/Src/main.o
 .debug_macro   0x000234bb       0xa5 ./Core/Src/main.o
 .debug_macro   0x00023560      0x24f ./Core/Src/main.o
 .debug_macro   0x000237af       0x71 ./Core/Src/main.o
 .debug_macro   0x00023820       0x58 ./Core/Src/main.o
 .debug_macro   0x00023878      0x236 ./Core/Src/main.o
 .debug_macro   0x00023aae      0xb99 ./Core/Src/main.o
 .debug_macro   0x00024647      0x14e ./Core/Src/main.o
 .debug_macro   0x00024795      0x3db ./Core/Src/main.o
 .debug_macro   0x00024b70       0x12 ./Core/Src/main.o
 .debug_macro   0x00024b82      0x22c ./Core/Src/main.o
 .debug_macro   0x00024dae       0x61 ./Core/Src/main.o
 .debug_macro   0x00024e0f       0xa5 ./Core/Src/main.o
 .debug_macro   0x00024eb4      0x12e ./Core/Src/main.o
 .debug_macro   0x00024fe2      0x108 ./Core/Src/main.o
 .debug_macro   0x000250ea       0x35 ./Core/Src/main.o
 .debug_macro   0x0002511f      0xa91 ./Core/Src/main.o
 .debug_macro   0x00025bb0       0xa9 ./Core/Src/main.o
 .debug_macro   0x00025c59      0x5ba ./Core/Src/main.o
 .debug_macro   0x00026213       0x44 ./Core/Src/main.o
 .debug_macro   0x00026257      0x2cb ./Core/Src/main.o
 .debug_macro   0x00026522       0xba ./Core/Src/main.o
 .debug_macro   0x000265dc      0x15b ./Core/Src/main.o
 .debug_macro   0x00026737      0x13c ./Core/Src/main.o
 .debug_macro   0x00026873       0x61 ./Core/Src/main.o
 .debug_macro   0x000268d4       0x29 ./Core/Src/main.o
 .debug_macro   0x000268fd       0x43 ./Core/Src/main.o
 .debug_macro   0x00026940       0x34 ./Core/Src/main.o
 .debug_macro   0x00026974       0x16 ./Core/Src/main.o
 .debug_macro   0x0002698a       0x43 ./Core/Src/main.o
 .debug_macro   0x000269cd       0x34 ./Core/Src/main.o
 .debug_macro   0x00026a01       0x10 ./Core/Src/main.o
 .debug_macro   0x00026a11       0x58 ./Core/Src/main.o
 .debug_macro   0x00026a69       0x8e ./Core/Src/main.o
 .debug_macro   0x00026af7       0x1c ./Core/Src/main.o
 .debug_macro   0x00026b13      0x177 ./Core/Src/main.o
 .debug_macro   0x00026c8a      0x369 ./Core/Src/main.o
 .debug_macro   0x00026ff3       0x10 ./Core/Src/main.o
 .debug_macro   0x00027003       0x35 ./Core/Src/main.o
 .debug_macro   0x00027038       0x20 ./Core/Src/main.o
 .debug_macro   0x00027058      0x220 ./Core/Src/stm32f7xx_hal_msp.o
 .debug_macro   0x00027278      0x22a ./Core/Src/stm32f7xx_it.o
 .debug_macro   0x000274a2      0x211 ./Core/Src/system_stm32f7xx.o
 .debug_macro   0x000276b3      0x235 ./Drivers/STM32F7xx_HAL_Driver/Src/stm32f7xx_hal.o
 .debug_macro   0x000278e8      0x211 ./Drivers/STM32F7xx_HAL_Driver/Src/stm32f7xx_hal_cortex.o
 .debug_macro   0x00027af9      0x2eb ./Drivers/STM32F7xx_HAL_Driver/Src/stm32f7xx_hal_eth.o
 .debug_macro   0x00027de4      0x217 ./Drivers/STM32F7xx_HAL_Driver/Src/stm32f7xx_hal_gpio.o
 .debug_macro   0x00027ffb      0x21d ./Drivers/STM32F7xx_HAL_Driver/Src/stm32f7xx_hal_pcd.o
 .debug_macro   0x00028218      0x211 ./Drivers/STM32F7xx_HAL_Driver/Src/stm32f7xx_hal_pcd_ex.o
 .debug_macro   0x00028429      0x22f ./Drivers/STM32F7xx_HAL_Driver/Src/stm32f7xx_hal_pwr.o
 .debug_macro   0x00028658      0x229 ./Drivers/STM32F7xx_HAL_Driver/Src/stm32f7xx_hal_pwr_ex.o
 .debug_macro   0x00028881      0x235 ./Drivers/STM32F7xx_HAL_Driver/Src/stm32f7xx_hal_rcc.o
 .debug_macro   0x00028ab6      0x211 ./Drivers/STM32F7xx_HAL_Driver/Src/stm32f7xx_hal_rcc_ex.o
 .debug_macro   0x00028cc7      0x212 ./Drivers/STM32F7xx_HAL_Driver/Src/stm32f7xx_hal_tim.o
 .debug_macro   0x00028ed9      0x211 ./Drivers/STM32F7xx_HAL_Driver/Src/stm32f7xx_hal_tim_ex.o
 .debug_macro   0x000290ea      0x22e ./Drivers/STM32F7xx_HAL_Driver/Src/stm32f7xx_hal_uart.o
 .debug_macro   0x00029318      0x211 ./Drivers/STM32F7xx_HAL_Driver/Src/stm32f7xx_ll_usb.o

.debug_line     0x00000000    0x1688b
 .debug_line    0x00000000     0x108a ./Core/Src/main.o
 .debug_line    0x0000108a      0x9ed ./Core/Src/stm32f7xx_hal_msp.o
 .debug_line    0x00001a77      0x89a ./Core/Src/stm32f7xx_it.o
 .debug_line    0x00002311      0x85a ./Core/Src/system_stm32f7xx.o
 .debug_line    0x00002b6b       0x7a ./Core/Startup/startup_stm32f767zitx.o
 .debug_line    0x00002be5      0xb2a ./Drivers/STM32F7xx_HAL_Driver/Src/stm32f7xx_hal.o
 .debug_line    0x0000370f      0xd9c ./Drivers/STM32F7xx_HAL_Driver/Src/stm32f7xx_hal_cortex.o
 .debug_line    0x000044ab     0x1aba ./Drivers/STM32F7xx_HAL_Driver/Src/stm32f7xx_hal_eth.o
 .debug_line    0x00005f65      0xc80 ./Drivers/STM32F7xx_HAL_Driver/Src/stm32f7xx_hal_gpio.o
 .debug_line    0x00006be5     0x1552 ./Drivers/STM32F7xx_HAL_Driver/Src/stm32f7xx_hal_pcd.o
 .debug_line    0x00008137      0x8f9 ./Drivers/STM32F7xx_HAL_Driver/Src/stm32f7xx_hal_pcd_ex.o
 .debug_line    0x00008a30      0x9fe ./Drivers/STM32F7xx_HAL_Driver/Src/stm32f7xx_hal_pwr.o
 .debug_line    0x0000942e      0xa7e ./Drivers/STM32F7xx_HAL_Driver/Src/stm32f7xx_hal_pwr_ex.o
 .debug_line    0x00009eac      0xf5a ./Drivers/STM32F7xx_HAL_Driver/Src/stm32f7xx_hal_rcc.o
 .debug_line    0x0000ae06      0xf31 ./Drivers/STM32F7xx_HAL_Driver/Src/stm32f7xx_hal_rcc_ex.o
 .debug_line    0x0000bd37     0x3db4 ./Drivers/STM32F7xx_HAL_Driver/Src/stm32f7xx_hal_tim.o
 .debug_line    0x0000faeb     0x1cbf ./Drivers/STM32F7xx_HAL_Driver/Src/stm32f7xx_hal_tim_ex.o
 .debug_line    0x000117aa     0x326b ./Drivers/STM32F7xx_HAL_Driver/Src/stm32f7xx_hal_uart.o
 .debug_line    0x00014a15     0x1e76 ./Drivers/STM32F7xx_HAL_Driver/Src/stm32f7xx_ll_usb.o

.debug_str      0x00000000   0x103336
 .debug_str     0x00000000    0xfda4b ./Core/Src/main.o
                              0xfe2c7 (size before relaxing)
 .debug_str     0x000fda4b      0x3a6 ./Core/Src/stm32f7xx_hal_msp.o
                              0xfafd7 (size before relaxing)
 .debug_str     0x000fddf1       0xc9 ./Core/Src/stm32f7xx_it.o
                              0xf9a30 (size before relaxing)
 .debug_str     0x000fdeba      0x190 ./Core/Src/system_stm32f7xx.o
                              0xf9758 (size before relaxing)
 .debug_str     0x000fe04a       0x44 ./Core/Startup/startup_stm32f767zitx.o
                                 0x83 (size before relaxing)
 .debug_str     0x000fe08e      0xa90 ./Drivers/STM32F7xx_HAL_Driver/Src/stm32f7xx_hal.o
                              0xfa198 (size before relaxing)
 .debug_str     0x000feb1e      0x376 ./Drivers/STM32F7xx_HAL_Driver/Src/stm32f7xx_hal_cortex.o
                              0xfa17a (size before relaxing)
 .debug_str     0x000fee94     0x1222 ./Drivers/STM32F7xx_HAL_Driver/Src/stm32f7xx_hal_eth.o
                              0xfaf79 (size before relaxing)
 .debug_str     0x001000b6       0xd7 ./Drivers/STM32F7xx_HAL_Driver/Src/stm32f7xx_hal_gpio.o
                              0xf9816 (size before relaxing)
 .debug_str     0x0010018d      0x81d ./Drivers/STM32F7xx_HAL_Driver/Src/stm32f7xx_hal_pcd.o
                              0xfa191 (size before relaxing)
 .debug_str     0x001009aa      0x12d ./Drivers/STM32F7xx_HAL_Driver/Src/stm32f7xx_hal_pcd_ex.o
                              0xf9a93 (size before relaxing)
 .debug_str     0x00100ad7      0x2ac ./Drivers/STM32F7xx_HAL_Driver/Src/stm32f7xx_hal_pwr.o
                              0xf99f9 (size before relaxing)
 .debug_str     0x00100d83      0x1bd ./Drivers/STM32F7xx_HAL_Driver/Src/stm32f7xx_hal_pwr_ex.o
                              0xf99c7 (size before relaxing)
 .debug_str     0x00100f40      0x245 ./Drivers/STM32F7xx_HAL_Driver/Src/stm32f7xx_hal_rcc.o
                              0xf9ad3 (size before relaxing)
 .debug_str     0x00101185      0x13f ./Drivers/STM32F7xx_HAL_Driver/Src/stm32f7xx_hal_rcc_ex.o
                              0xf9a36 (size before relaxing)
 .debug_str     0x001012c4      0xdd0 ./Drivers/STM32F7xx_HAL_Driver/Src/stm32f7xx_hal_tim.o
                              0xfaa7b (size before relaxing)
 .debug_str     0x00102094      0x57a ./Drivers/STM32F7xx_HAL_Driver/Src/stm32f7xx_hal_tim_ex.o
                              0xfa381 (size before relaxing)
 .debug_str     0x0010260e      0x87d ./Drivers/STM32F7xx_HAL_Driver/Src/stm32f7xx_hal_uart.o
                              0xfa421 (size before relaxing)
 .debug_str     0x00102e8b      0x4ab ./Drivers/STM32F7xx_HAL_Driver/Src/stm32f7xx_ll_usb.o
                              0xfa06e (size before relaxing)

.comment        0x00000000       0x43
 .comment       0x00000000       0x43 ./Core/Src/main.o
                                 0x44 (size before relaxing)
 .comment       0x00000043       0x44 ./Core/Src/stm32f7xx_hal_msp.o
 .comment       0x00000043       0x44 ./Core/Src/stm32f7xx_it.o
 .comment       0x00000043       0x44 ./Core/Src/system_stm32f7xx.o
 .comment       0x00000043       0x44 ./Drivers/STM32F7xx_HAL_Driver/Src/stm32f7xx_hal.o
 .comment       0x00000043       0x44 ./Drivers/STM32F7xx_HAL_Driver/Src/stm32f7xx_hal_cortex.o
 .comment       0x00000043       0x44 ./Drivers/STM32F7xx_HAL_Driver/Src/stm32f7xx_hal_eth.o
 .comment       0x00000043       0x44 ./Drivers/STM32F7xx_HAL_Driver/Src/stm32f7xx_hal_gpio.o
 .comment       0x00000043       0x44 ./Drivers/STM32F7xx_HAL_Driver/Src/stm32f7xx_hal_pcd.o
 .comment       0x00000043       0x44 ./Drivers/STM32F7xx_HAL_Driver/Src/stm32f7xx_hal_pcd_ex.o
 .comment       0x00000043       0x44 ./Drivers/STM32F7xx_HAL_Driver/Src/stm32f7xx_hal_pwr.o
 .comment       0x00000043       0x44 ./Drivers/STM32F7xx_HAL_Driver/Src/stm32f7xx_hal_pwr_ex.o
 .comment       0x00000043       0x44 ./Drivers/STM32F7xx_HAL_Driver/Src/stm32f7xx_hal_rcc.o
 .comment       0x00000043       0x44 ./Drivers/STM32F7xx_HAL_Driver/Src/stm32f7xx_hal_rcc_ex.o
 .comment       0x00000043       0x44 ./Drivers/STM32F7xx_HAL_Driver/Src/stm32f7xx_hal_tim.o
 .comment       0x00000043       0x44 ./Drivers/STM32F7xx_HAL_Driver/Src/stm32f7xx_hal_tim_ex.o
 .comment       0x00000043       0x44 ./Drivers/STM32F7xx_HAL_Driver/Src/stm32f7xx_hal_uart.o
 .comment       0x00000043       0x44 ./Drivers/STM32F7xx_HAL_Driver/Src/stm32f7xx_ll_usb.o

.debug_frame    0x00000000     0x5098
 .debug_frame   0x00000000      0x174 ./Core/Src/main.o
 .debug_frame   0x00000174      0x1dc ./Core/Src/stm32f7xx_hal_msp.o
 .debug_frame   0x00000350      0x104 ./Core/Src/stm32f7xx_it.o
 .debug_frame   0x00000454       0x58 ./Core/Src/system_stm32f7xx.o
 .debug_frame   0x000004ac      0x3f4 ./Drivers/STM32F7xx_HAL_Driver/Src/stm32f7xx_hal.o
 .debug_frame   0x000008a0      0x4e8 ./Drivers/STM32F7xx_HAL_Driver/Src/stm32f7xx_hal_cortex.o
 .debug_frame   0x00000d88      0x898 ./Drivers/STM32F7xx_HAL_Driver/Src/stm32f7xx_hal_eth.o
 .debug_frame   0x00001620      0x14c ./Drivers/STM32F7xx_HAL_Driver/Src/stm32f7xx_hal_gpio.o
 .debug_frame   0x0000176c      0x5b8 ./Drivers/STM32F7xx_HAL_Driver/Src/stm32f7xx_hal_pcd.o
 .debug_frame   0x00001d24      0x100 ./Drivers/STM32F7xx_HAL_Driver/Src/stm32f7xx_hal_pcd_ex.o
 .debug_frame   0x00001e24      0x254 ./Drivers/STM32F7xx_HAL_Driver/Src/stm32f7xx_hal_pwr.o
 .debug_frame   0x00002078      0x1c8 ./Drivers/STM32F7xx_HAL_Driver/Src/stm32f7xx_hal_pwr_ex.o
 .debug_frame   0x00002240      0x1f8 ./Drivers/STM32F7xx_HAL_Driver/Src/stm32f7xx_hal_rcc.o
 .debug_frame   0x00002438      0x118 ./Drivers/STM32F7xx_HAL_Driver/Src/stm32f7xx_hal_rcc_ex.o
 .debug_frame   0x00002550     0x121c ./Drivers/STM32F7xx_HAL_Driver/Src/stm32f7xx_hal_tim.o
 .debug_frame   0x0000376c      0x6b0 ./Drivers/STM32F7xx_HAL_Driver/Src/stm32f7xx_hal_tim_ex.o
 .debug_frame   0x00003e1c      0xa10 ./Drivers/STM32F7xx_HAL_Driver/Src/stm32f7xx_hal_uart.o
 .debug_frame   0x0000482c      0x7c0 ./Drivers/STM32F7xx_HAL_Driver/Src/stm32f7xx_ll_usb.o
 .debug_frame   0x00004fec       0x20 C:/ST/STM32CubeIDE_1.16.1/STM32CubeIDE/plugins/com.st.stm32cube.ide.mcu.externaltools.gnu-tools-for-stm32.12.3.rel1.win32_1.0.200.202406191623/tools/bin/../lib/gcc/arm-none-eabi/12.3.1/../../../../arm-none-eabi/lib/thumb/v7e-m+dp/hard\libc_nano.a(libc_a-memset.o)
 .debug_frame   0x0000500c       0x2c C:/ST/STM32CubeIDE_1.16.1/STM32CubeIDE/plugins/com.st.stm32cube.ide.mcu.externaltools.gnu-tools-for-stm32.12.3.rel1.win32_1.0.200.202406191623/tools/bin/../lib/gcc/arm-none-eabi/12.3.1/../../../../arm-none-eabi/lib/thumb/v7e-m+dp/hard\libc_nano.a(libc_a-init.o)
 .debug_frame   0x00005038       0x2c C:/ST/STM32CubeIDE_1.16.1/STM32CubeIDE/plugins/com.st.stm32cube.ide.mcu.externaltools.gnu-tools-for-stm32.12.3.rel1.win32_1.0.200.202406191623/tools/bin/../lib/gcc/arm-none-eabi/12.3.1/thumb/v7e-m+dp/hard\libgcc.a(_aeabi_uldivmod.o)
 .debug_frame   0x00005064       0x34 C:/ST/STM32CubeIDE_1.16.1/STM32CubeIDE/plugins/com.st.stm32cube.ide.mcu.externaltools.gnu-tools-for-stm32.12.3.rel1.win32_1.0.200.202406191623/tools/bin/../lib/gcc/arm-none-eabi/12.3.1/thumb/v7e-m+dp/hard\libgcc.a(_udivmoddi4.o)

.debug_line_str
                0x00000000       0x67
 .debug_line_str
                0x00000000       0x67 ./Core/Startup/startup_stm32f767zitx.o
